{
  "error": null,
  "messages": [
    {
      "key": "Manooch:BINANCE:PERP_LINEAR:ETH_USDT:mark_price",
      "channel": "mark_price",
      "ttl": "3s",
      "payload": {
        "env": {
          "channel": "CHANNEL_MARK_PRICE",
          "exchangeTimeIsSendTime": true,
          "exchangeTimeNs": "1562305380000000000",
          "instrument": {
            "base": "ETH",
            "canonical": "ETH_USDT",
            "marketType": "MARKET_TYPE_PERP_LINEAR",
            "quote": "USDT",
            "settle": "USDT",
            "venueSymbol": "ETHUSDT"
          },
          "recvTimeNs": "1562305380123456789",
          "source": "SOURCE_WEBSOCKET",
          "status": "STATUS_HEALTHY",
          "venue": "BINANCE"
        },
        "markPrice": "352140000000000"
      }
    },
    {
      "key": "Manooch:BINANCE:PERP_LINEAR:ETH_USDT:index_price",
      "channel": "index_price",
      "ttl": "3s",
      "payload": {
        "env": {
          "channel": "CHANNEL_INDEX_PRICE",
          "exchangeTimeIsSendTime": true,
          "exchangeTimeNs": "1562305380000000000",
          "instrument": {
            "base": "ETH",
            "canonical": "ETH_USDT",
            "marketType": "MARKET_TYPE_PERP_LINEAR",
            "quote": "USDT",
            "settle": "USDT",
            "venueSymbol": "ETHUSDT"
          },
          "recvTimeNs": "1562305380123456789",
          "source": "SOURCE_WEBSOCKET",
          "status": "STATUS_HEALTHY",
          "venue": "BINANCE"
        },
        "indexPrice": "352111000000000"
      }
    },
    {
      "key": "Manooch:BINANCE:PERP_LINEAR:ETH_USDT:funding",
      "channel": "funding",
      "ttl": "3s",
      "payload": {
        "env": {
          "channel": "CHANNEL_FUNDING",
          "exchangeTimeIsSendTime": true,
          "exchangeTimeNs": "1562305380000000000",
          "instrument": {
            "base": "ETH",
            "canonical": "ETH_USDT",
            "marketType": "MARKET_TYPE_PERP_LINEAR",
            "quote": "USDT",
            "settle": "USDT",
            "venueSymbol": "ETHUSDT"
          },
          "recvTimeNs": "1562305380123456789",
          "source": "SOURCE_WEBSOCKET",
          "status": "STATUS_HEALTHY",
          "venue": "BINANCE"
        },
        "fundingRate": "-125000000",
        "nextFundingTimeNs": "1562306400000000000"
      }
    }
  ]
}
